
> my-v0-project@0.1.0 build
> next build

   ▲ Next.js 16.0.7 (Turbopack)
   - Environments: .env.local

 ⚠ The "middleware" file convention is deprecated. Please use "proxy" instead. Learn more: https://nextjs.org/docs/messages/middleware-to-proxy
   Creating an optimized production build ...
 ✓ Compiled successfully in 1936.5ms
   Skipping validation of types
   Collecting page data using 9 workers ...
   Generating static pages using 9 workers (0/27) ...
[robinhood] Dashboard error: Error: Dynamic server usage: Route /dashboard couldn't be rendered statically because it used `cookies`. See more info here: https://nextjs.org/docs/messages/dynamic-server-error
    at x (.next/server/chunks/ssr/_20ca398a._.js:1:15865)
    at n (.next/server/chunks/ssr/_20ca398a._.js:4:6752)
    at q (.next/server/chunks/ssr/_20ca398a._.js:22:68)
    at r (.next/server/chunks/ssr/[root-of-the-server]__ccf185f9._.js:1:20946)
    at stringify (<anonymous>) {
  description: "Route /dashboard couldn't be rendered statically because it used `cookies`. See more info here: https://nextjs.org/docs/messages/dynamic-server-error",
  digest: 'DYNAMIC_SERVER_USAGE'
}
   Generating static pages using 9 workers (6/27) 
   Generating static pages using 9 workers (13/27) 
   Generating static pages using 9 workers (20/27) 
 ✓ Generating static pages using 9 workers (27/27) in 282.2ms
   Finalizing page optimization ...

Route (app)
┌ ƒ /
├ ○ /_not-found
├ ƒ /api/track-click
├ ƒ /api/track-open
├ ƒ /article/[slug]
├ ○ /auth/login
├ ○ /auth/sign-up
├ ○ /auth/verify-email
├ ○ /bonus-training
├ ○ /create
├ ƒ /dashboard
├ ○ /legal/disclaimer
├ ○ /legal/privacy
├ ○ /legal/terms
├ ƒ /pages
├ ○ /secret-p55-admin-panel-2029/dashboard
├ ○ /secret-p55-admin-panel-2029/login
├ ○ /setup
├ ○ /share
├ ƒ /training
├ ○ /unlock/automated-income
├ ○ /unlock/dfy-vault
├ ○ /unlock/instant-income
├ ƒ /upgrades
├ ƒ /upgrades/automated-income
├ ○ /upgrades/dfy-vault
└ ƒ /upgrades/instant-income


ƒ Proxy (Middleware)

○  (Static)   prerendered as static content
ƒ  (Dynamic)  server-rendered on demand

